C51 COMPILER V9.60.0.0   MAIN                                                              12/29/2025 11:55:48 PAGE 1   


C51 COMPILER V9.60.0.0, COMPILATION OF MODULE MAIN
OBJECT MODULE PLACED IN .\Objects\main.obj
COMPILER INVOKED BY: F:\Keil_All\Keil_MDK\C51\BIN\C51.EXE main.c OPTIMIZE(8,SPEED) BROWSE DEBUG OBJECTEXTEND PRINT(.\Lis
                    -tings\main.lst) TABS(2) OBJECT(.\Objects\main.obj)

line level    source

   1          #include <REGX52.H>
   2          #include <intrins.h>
   3          #include "Nixie.h"
   4          #include "delay.h"
   5          sfr16 DPTR=0x82;
   6          unsigned char cnt_t1 ,    qian,bai,shi,ge,bb,wan,shiwan,anan;
   7          unsigned long freq, freq_temp;
   8          void init()
   9          {
  10   1          IE = 0x8a; 
  11   1          ET0 = 1;   
  12   1          TMOD = 0x15;
  13   1      
  14   1          TH1 = 0x3c;  //定时器T1定时50ms (50ms x 20 = 1s)
  15   1          TL1 = 0xc4;  //补偿20us的误差（Proteus8.10版本下12MHz晶振实际测量值）
  16   1          TR1 = 1;
  17   1      
  18   1          TH0 = 0x00;  //T0计数
  19   1          TL0 = 0x00;
  20   1          TR0 = 1;
  21   1      }
  22          void T1_timer() interrupt 3
  23          {
  24   1          TH1 = 0x3c;  //定时器T1定时50ms (50ms x 20 = 1s)
  25   1          TL1 = 0xc4;  
  26   1          cnt_t1++;
  27   1          if(cnt_t1 >= 20) //(50ms x 20 = 1s)
  28   1          {
  29   2              cnt_t1 = 0 ;
  30   2              TR0 = 0 ;
  31   2              freq = freq_temp + ((unsigned int)TH0 << 8 | TL0); // 合成32位频率
  32   2              freq_temp = 0;
  33   2              TH0 = 0x00;  // 重新计数
  34   2              TL0 = 0x00;
  35   2              TR0 = 1;
  36   2          }
  37   1      }
  38          // T0溢出中断，累加高位
  39          void T0_ISR() interrupt 1
  40          {
  41   1          freq_temp += 65536UL;
  42   1      }
  43          void freq_to_digits(unsigned long f)
  44          {
  45   1          shiwan = (f / 100000) % 10;
  46   1          wan    = (f / 10000)  % 10;
  47   1          qian   = (f / 1000)   % 10;
  48   1          bai    = (f / 100)    % 10;
  49   1          shi    = (f / 10)     % 10;
  50   1          ge     = f % 10;
  51   1      }
  52          void main()
  53          {  
  54   1          cnt_t1 = qian = bai = shi = ge = bb = wan = shiwan = 0;
C51 COMPILER V9.60.0.0   MAIN                                                              12/29/2025 11:55:48 PAGE 2   

  55   1          freq = 0;
  56   1          freq_temp = 0;
  57   1          init();
  58   1          while(1)
  59   1          {
  60   2        
  61   2              freq_to_digits(freq);
  62   2              N_D(1, shiwan);
  63   2              N_D(2, wan);
  64   2              N_D(3, qian);
  65   2              N_D(4, bai);
  66   2              N_D(5, shi);
  67   2              N_D(6, ge);
  68   2              Delay(1); // 防闪烁
  69   2          }
  70   1      }


MODULE INFORMATION:   STATIC OVERLAYABLE
   CODE SIZE        =    424    ----
   CONSTANT SIZE    =   ----    ----
   XDATA SIZE       =   ----    ----
   PDATA SIZE       =   ----    ----
   DATA SIZE        =     17       4
   IDATA SIZE       =   ----    ----
   BIT SIZE         =   ----    ----
END OF MODULE INFORMATION.


C51 COMPILATION COMPLETE.  0 WARNING(S),  0 ERROR(S)
